// Jest Snapshot v1, https://goo.gl/fbAQLP

exports[`The App renders correctly 1`] = `null`;

exports[`renders correctly 1`] = `null`;
